// Jest Snapshot v1, https://goo.gl/fbAQLP

exports[`should render Header corectly 1`] = `
<header>
  <h1>
    Expensify
  </h1>
  <NavLink
    activeClassName="is-active"
    to="/dashboard"
  >
    Dashboard
  </NavLink>
  <NavLink
    activeClassName="is-active"
    to="/create"
  >
    Add expense
  </NavLink>
  <button
    onClick={[MockFunction]}
  >
    Logout
  </button>
</header>
`;
